src/modules/seller/pages/SellerAddProduct.tsx(754,10): error TS17008: JSX element 'form' has no corresponding closing tag.
src/modules/seller/pages/SellerAddProduct.tsx(1210,13): error TS1005: ')' expected.
src/modules/seller/pages/SellerAddProduct.tsx(1211,12): error TS1381: Unexpected token. Did you mean `{'}'}` or `&rbrace;`?
src/modules/seller/pages/SellerAddProduct.tsx(1459,7): error TS17002: Expected corresponding JSX closing tag for 'div'.
src/modules/seller/pages/SellerAddProduct.tsx(1460,5): error TS1005: ')' expected.
src/modules/seller/pages/SellerAddProduct.tsx(1461,3): error TS1109: Expression expected.
src/modules/seller/pages/SellerAddProduct.tsx(1462,3): error TS1109: Expression expected.
