
> dhakad-snazzy-backend@1.0.0 build
> tsc

src/modules/admin/controllers/adminBannerController.ts(44,29): error TS7030: Not all code paths return a value.
src/modules/admin/controllers/adminBannerController.ts(71,29): error TS7030: Not all code paths return a value.
