node.exe : <anonymous_script>:1
At line:1 char:1
+ & "C:\Program Files\nodejs/node.exe" "C:\Program Files\nodejs/node_mo ...
+ ~~~~~~~~~~~~~~~~~~~~~~~~~~~~~~~~~~~~~~~~~~~~~~~~~~~~~~~~~~~~~~~~~~~~~
    + CategoryInfo          : NotSpecified: (<anonymous_script>:1:String) [], RemoteException
    + FullyQualifiedErrorId : NativeCommandError
 
{\
 ^

SyntaxError: Expected property name or '}' in JSON at position 1 (line 1 column 2)
    at JSON.parse (<anonymous>)
    at parse (C:\Users\hp\AppData\Local\npm-cache\_npx\1bf7c3c15bf47d04\node_modules\ts-node\dist\util.js:52:45)
    at arg (C:\Users\hp\AppData\Local\npm-cache\_npx\1bf7c3c15bf47d04\node_modules\arg\index.js:122:24)
    at parseArgv (C:\Users\hp\AppData\Local\npm-cache\_npx\1bf7c3c15bf47d04\node_modules\ts-node\dist\bin.js:69:12)
    at main (C:\Users\hp\AppData\Local\npm-cache\_npx\1bf7c3c15bf47d04\node_modules\ts-node\dist\bin.js:25:18)
    at Object.<anonymous> 
(C:\Users\hp\AppData\Local\npm-cache\_npx\1bf7c3c15bf47d04\node_modules\ts-node\dist\bin.js:579:5)
    at Module._compile (node:internal/modules/cjs/loader:1761:14)
    at Object..js (node:internal/modules/cjs/loader:1893:10)
    at Module.load (node:internal/modules/cjs/loader:1481:32)
    at Module._load (node:internal/modules/cjs/loader:1300:12)

Node.js v24.13.0
